[start] 2026/08/26 周三 15:30:30.92 

-------------------------------------------------------------------------------
   ROBOCOPY     ::     Windows 的可靠文件复制                              
-------------------------------------------------------------------------------

  开始时间: 2026年8月26日 15:30:30
        源 : C:\Users\13714\AppData\Local\Docker\wsl\
      目标 : D:\ZZB\work\Linux鏁版嵁搴揬wsl\

      文件: *.*
	    
      选项: *.* /NDL /NFL /S /E /DCOPY:DAT /COPY:DAT /R:1 /W:1 

------------------------------------------------------------------------------


------------------------------------------------------------------------------

                  总数        复制        跳过       不匹配        失败        其他
       目录:         3         3         0         0         0         0
       文件:         2         2         0         0         0         0
       字节:  14.760 g  14.760 g         0         0         0         0
       时间:   0:00:45   0:00:45                       0:00:00   0:00:00


       速度:           349,502,210 字节/秒。
       速度:            19,998.678 MB/分钟。
   已结束: 2026年8月26日 15:31:16

[done] exit=1 
